Compose can now delegate builds to bake for better performance.
 To do so, set COMPOSE_BAKE=true.
#0 building with "default" instance using docker driver

#1 [web_server internal] load build definition from Dockerfile
#1 transferring dockerfile: 5.78kB done
#1 DONE 0.1s

#2 [web_server internal] load metadata for docker.io/library/node:20-alpine
#2 DONE 0.3s

#3 [web_server base 1/1] FROM docker.io/library/node:20-alpine@sha256:f598378b5240225e6beab68fa9f356db1fb8efe55173e6d4d8153113bb8f333c
#3 DONE 0.0s

#4 [web_server internal] load .dockerignore
#4 transferring context: 156B 0.0s done
#4 DONE 0.0s

#5 [web_server internal] load build context
#5 transferring context: 14.32MB 0.2s done
#5 DONE 0.3s

#6 [web_server builder 6/7] COPY . .
#6 CACHED

#7 [web_server builder 7/7] RUN NODE_OPTIONS="${NODE_OPTIONS}" npx next build
#7 1.389 ▲ Next.js 16.1.7 (Turbopack)
#7 1.389 - Experiments (use with caution):
#7 1.389   · clientTraceMetadata
#7 1.389 
#7 1.442   Creating an optimized production build ...
#7 CANCELED

